// Jest Snapshot v1, https://goo.gl/fbAQLP

exports[`Snapshot testing 1`] = `
<View
  style={
    Array [
      Object {
        "alignItems": "center",
        "flexDirection": "row",
        "flexWrap": "wrap",
      },
      Object {
        "alignItems": "center",
        "flex": 1,
        "flexWrap": "wrap",
        "justifyContent": "flex-start",
      },
    ]
  }
  testID="RADIO_GROUP"
>
  <View
    style={
      Array [
        Object {
          "alignSelf": "flex-start",
          "flexDirection": "row",
          "marginStart": 10,
          "marginTop": 5,
          "paddingVertical": 10,
        },
        Object {
          "width": 250,
        },
      ]
    }
  >
    <View
      accessible={true}
      focusable={true}
      onClick={[Function]}
      onResponderGrant={[Function]}
      onResponderMove={[Function]}
      onResponderRelease={[Function]}
      onResponderTerminate={[Function]}
      onResponderTerminationRequest={[Function]}
      onStartShouldSetResponder={[Function]}
      style={
        Object {
          "alignItems": "center",
          "backgroundColor": "#FFFFFF",
          "borderColor": "#000000",
          "borderRadius": 10,
          "borderWidth": 1,
          "height": 20,
          "justifyContent": "center",
          "opacity": 1,
          "width": 20,
        }
      }
      testID="RADIO_GROUP_BUTTON"
    >
      <View
        style={
          Array [
            Object {
              "borderRadius": 7,
              "height": 14,
              "justifyContent": "flex-start",
              "width": 14,
            },
            Array [
              Object {
                "backgroundColor": "#000000",
              },
            ],
          ]
        }
      />
    </View>
    <View
      accessible={true}
      focusable={true}
      onClick={[Function]}
      onResponderGrant={[Function]}
      onResponderMove={[Function]}
      onResponderRelease={[Function]}
      onResponderTerminate={[Function]}
      onResponderTerminationRequest={[Function]}
      onStartShouldSetResponder={[Function]}
      style={
        Object {
          "opacity": 1,
        }
      }
      testID="RADIO_GROUP_LABEL"
    >
      <Text
        numberOfLines={1}
        style={
          Array [
            Array [
              Object {
                "fontFamily": "Inter-Regular",
              },
              Object {
                "color": "#000000",
              },
              Object {
                "fontSize": 16,
                "marginLeft": 10,
                "marginRight": 16,
              },
            ],
            Object {
              "fontFamily": "Inter-Regular",
            },
          ]
        }
      >
        Male
      </Text>
    </View>
  </View>
  <View
    style={
      Array [
        Object {
          "alignSelf": "flex-start",
          "flexDirection": "row",
          "marginStart": 10,
          "marginTop": 5,
          "paddingVertical": 10,
        },
        Object {
          "width": 250,
        },
      ]
    }
  >
    <View
      accessible={true}
      focusable={true}
      onClick={[Function]}
      onResponderGrant={[Function]}
      onResponderMove={[Function]}
      onResponderRelease={[Function]}
      onResponderTerminate={[Function]}
      onResponderTerminationRequest={[Function]}
      onStartShouldSetResponder={[Function]}
      style={
        Object {
          "alignItems": "center",
          "backgroundColor": "#FFFFFF",
          "borderColor": "#000000",
          "borderRadius": 10,
          "borderWidth": 1,
          "height": 20,
          "justifyContent": "center",
          "opacity": 1,
          "width": 20,
        }
      }
      testID="RADIO_GROUP_BUTTON"
    >
      <View
        style={
          Array [
            Object {
              "borderRadius": 7,
              "height": 14,
              "justifyContent": "flex-start",
              "width": 14,
            },
            Array [
              Object {
                "backgroundColor": "#FFFFFF",
              },
            ],
          ]
        }
      />
    </View>
    <View
      accessible={true}
      focusable={true}
      onClick={[Function]}
      onResponderGrant={[Function]}
      onResponderMove={[Function]}
      onResponderRelease={[Function]}
      onResponderTerminate={[Function]}
      onResponderTerminationRequest={[Function]}
      onStartShouldSetResponder={[Function]}
      style={
        Object {
          "opacity": 1,
        }
      }
      testID="RADIO_GROUP_LABEL"
    >
      <Text
        numberOfLines={1}
        style={
          Array [
            Array [
              Object {
                "fontFamily": "Inter-Regular",
              },
              Object {
                "color": "#000000",
              },
              Object {
                "fontSize": 16,
                "marginLeft": 10,
                "marginRight": 16,
              },
            ],
            Object {
              "fontFamily": "Inter-Regular",
            },
          ]
        }
      >
        Female
      </Text>
    </View>
  </View>
  <View
    style={
      Array [
        Object {
          "alignSelf": "flex-start",
          "flexDirection": "row",
          "marginStart": 10,
          "marginTop": 5,
          "paddingVertical": 10,
        },
        Object {
          "width": 250,
        },
      ]
    }
  >
    <View
      accessible={true}
      focusable={true}
      onClick={[Function]}
      onResponderGrant={[Function]}
      onResponderMove={[Function]}
      onResponderRelease={[Function]}
      onResponderTerminate={[Function]}
      onResponderTerminationRequest={[Function]}
      onStartShouldSetResponder={[Function]}
      style={
        Object {
          "alignItems": "center",
          "backgroundColor": "#FFFFFF",
          "borderColor": "#000000",
          "borderRadius": 10,
          "borderWidth": 1,
          "height": 20,
          "justifyContent": "center",
          "opacity": 1,
          "width": 20,
        }
      }
      testID="RADIO_GROUP_BUTTON"
    >
      <View
        style={
          Array [
            Object {
              "borderRadius": 7,
              "height": 14,
              "justifyContent": "flex-start",
              "width": 14,
            },
            Array [
              Object {
                "backgroundColor": "#FFFFFF",
              },
            ],
          ]
        }
      />
    </View>
    <View
      accessible={true}
      focusable={true}
      onClick={[Function]}
      onResponderGrant={[Function]}
      onResponderMove={[Function]}
      onResponderRelease={[Function]}
      onResponderTerminate={[Function]}
      onResponderTerminationRequest={[Function]}
      onStartShouldSetResponder={[Function]}
      style={
        Object {
          "opacity": 1,
        }
      }
      testID="RADIO_GROUP_LABEL"
    >
      <Text
        numberOfLines={1}
        style={
          Array [
            Array [
              Object {
                "fontFamily": "Inter-Regular",
              },
              Object {
                "color": "#000000",
              },
              Object {
                "fontSize": 16,
                "marginLeft": 10,
                "marginRight": 16,
              },
            ],
            Object {
              "fontFamily": "Inter-Regular",
            },
          ]
        }
      >
        Others
      </Text>
    </View>
  </View>
</View>
`;
