// Jest Snapshot v1, https://goo.gl/fbAQLP

exports[`Sectioned List tests snapshot 1`] = `
<RCTScrollView
  data={
    Array [
      Object {
        "data": Array [
          Object {
            "key": [Function],
            "name": "Body 1",
          },
          Object {
            "key": [Function],
            "name": "Body 2",
          },
          Object {
            "key": [Function],
            "name": "Body 3",
          },
        ],
        "header": Object {
          "key": [Function],
          "name": "Heading 1",
        },
      },
      Object {
        "data": Array [
          Object {
            "key": [Function],
            "name": "Body 4",
          },
          Object {
            "key": [Function],
            "name": "Body 5",
          },
        ],
        "header": Object {
          "key": [Function],
          "name": "Heading 2",
        },
      },
      Object {
        "data": Array [
          Object {
            "key": [Function],
            "name": "Body 6",
          },
          Object {
            "key": [Function],
            "name": "Body 7",
          },
        ],
        "header": Object {
          "key": [Function],
          "name": "Heading 3",
        },
      },
    ]
  }
  disableVirtualization={false}
  getItem={[Function]}
  getItemCount={[Function]}
  horizontal={false}
  initialNumToRender={10}
  keyExtractor={[Function]}
  maxToRenderPerBatch={10}
  onContentSizeChange={[Function]}
  onEndReachedThreshold={2}
  onLayout={[Function]}
  onMomentumScrollEnd={[Function]}
  onScroll={[Function]}
  onScrollBeginDrag={[Function]}
  onScrollEndDrag={[Function]}
  onScrollToIndexFailed={[Function]}
  renderItem={[Function]}
  scrollEventThrottle={50}
  stickyHeaderIndices={Array []}
  updateCellsBatchingPeriod={50}
  windowSize={21}
>
  <View>
    <View
      onLayout={[Function]}
      style={null}
    >
      <View
        style={
          Object {
            "flexDirection": "column",
          }
        }
      >
        <View
          accessible={true}
          focusable={true}
          onBlur={[Function]}
          onClick={[Function]}
          onFocus={[Function]}
          onResponderGrant={[Function]}
          onResponderMove={[Function]}
          onResponderRelease={[Function]}
          onResponderTerminate={[Function]}
          onResponderTerminationRequest={[Function]}
          onStartShouldSetResponder={[Function]}
        >
          <Text>
            Heading 1
          </Text>
        </View>
      </View>
    </View>
    <View
      onLayout={[Function]}
      style={null}
    />
    <View
      onLayout={[Function]}
      style={null}
    />
    <View
      onLayout={[Function]}
      style={null}
    />
    <View
      onLayout={[Function]}
      style={null}
    />
    <View
      onLayout={[Function]}
      style={null}
    >
      <View
        style={
          Object {
            "flexDirection": "column",
          }
        }
      >
        <View
          accessible={true}
          focusable={true}
          onBlur={[Function]}
          onClick={[Function]}
          onFocus={[Function]}
          onResponderGrant={[Function]}
          onResponderMove={[Function]}
          onResponderRelease={[Function]}
          onResponderTerminate={[Function]}
          onResponderTerminationRequest={[Function]}
          onStartShouldSetResponder={[Function]}
        >
          <Text>
            Heading 2
          </Text>
        </View>
      </View>
    </View>
    <View
      onLayout={[Function]}
      style={null}
    >
      <Text />
    </View>
    <View
      onLayout={[Function]}
      style={null}
    >
      <Text />
    </View>
    <View
      onLayout={[Function]}
      style={null}
    />
    <View
      onLayout={[Function]}
      style={null}
    >
      <View
        style={
          Object {
            "flexDirection": "column",
          }
        }
      >
        <View
          accessible={true}
          focusable={true}
          onBlur={[Function]}
          onClick={[Function]}
          onFocus={[Function]}
          onResponderGrant={[Function]}
          onResponderMove={[Function]}
          onResponderRelease={[Function]}
          onResponderTerminate={[Function]}
          onResponderTerminationRequest={[Function]}
          onStartShouldSetResponder={[Function]}
        >
          <Text>
            Heading 3
          </Text>
        </View>
      </View>
    </View>
    <View
      style={
        Object {
          "height": 0,
        }
      }
    />
  </View>
</RCTScrollView>
`;
