// Jest Snapshot v1, https://goo.gl/fbAQLP

exports[`Renders snapshot as expected 1`] = `
<
  icon={null}
  isOn={true}
  offColor="#D1D5DB"
  onColor="#00694e"
  onToggle={[Function]}
  style={
    Array [
      undefined,
      Object {},
    ]
  }
  testID="app-switch"
  thumbOffStyle={Object {}}
/>
`;
