// Jest Snapshot v1, https://goo.gl/fbAQLP

exports[`Renders snapshot as expected 1`] = `
<View
  style={
    Array [
      Object {
        "flex": 1,
      },
      undefined,
    ]
  }
>
  <View
    animated={true}
    animationConfig={
      Object {
        "bounciness": 0,
      }
    }
    animationType="timing"
    indeterminate={false}
    indeterminateAnimationDuration={1000}
    onLayout={[Function]}
    progress={0.25}
    style={
      Array [
        Object {
          "backgroundColor": "#E5E7EB",
          "borderColor": "#5e5851",
          "borderRadius": 50,
          "borderWidth": 0,
          "overflow": "hidden",
          "width": null,
        },
        undefined,
      ]
    }
    useNativeDriver={true}
  >
    <View
      style={
        Object {
          "backgroundColor": "#5e5851",
          "borderRadius": 50,
          "height": 18,
          "transform": Array [
            Object {
              "translateX": -0,
            },
            Object {
              "translateX": -0,
            },
            Object {
              "scaleX": 0.250075,
            },
          ],
        }
      }
    />
  </View>
  <View
    style={
      Object {
        "flexDirection": "row",
        "marginTop": 8,
      }
    }
    testID="bottom-view"
  >
    <Text
      numberOfLines={1}
      style={
        Array [
          Array [
            Object {
              "fontFamily": "Inter-Regular",
            },
            Object {
              "color": "#111827",
            },
            Array [
              Object {
                "fontSize": 12,
                "fontWeight": "400",
              },
              undefined,
            ],
          ],
          Object {
            "fontFamily": "Inter-Regular",
          },
        ]
      }
    >
      Complete profile & questionnaire: 
    </Text>
    <Text
      numberOfLines={1}
      style={
        Array [
          Array [
            Object {
              "fontFamily": "Inter-Regular",
            },
            Object {
              "color": "#111827",
            },
            Array [
              Object {
                "fontSize": 12,
                "fontWeight": "400",
              },
              Object {
                "fontWeight": "700",
              },
              undefined,
            ],
          ],
          Object {
            "fontFamily": "Inter-Regular",
          },
        ]
      }
    >
      25%
    </Text>
  </View>
</View>
`;
